OpenJDK 64-Bit Server VM (25.111-b15) for linux-amd64 JRE (1.8.0_111-b15), built on Oct 19 2016 09:04:40 by "mockbuild" with gcc 4.4.7 20120313 (Red Hat 4.4.7-17)
Memory: 4k page, physical 2956724k(2424632k free), swap 0k(0k free)
CommandLine flags: -XX:+DisableExplicitGC -XX:InitialHeapSize=1073741824 -XX:InitiatingHeapOccupancyPercent=35 -XX:+ManagementServer -XX:MaxGCPauseMillis=20 -XX:MaxHeapSize=1073741824 -XX:+PrintGC -XX:+PrintGCDateStamps -XX:+PrintGCDetails -XX:+PrintGCTimeStamps -XX:+UseCompressedClassPointers -XX:+UseCompressedOops -XX:+UseG1GC 
2016-11-28T12:08:26.995+0000: 3.117: [GC pause (G1 Evacuation Pause) (young), 0.0144170 secs]
   [Parallel Time: 8.6 ms, GC Workers: 1]
      [GC Worker Start (ms):  3117.0]
      [Ext Root Scanning (ms):  2.4]
      [Update RS (ms):  0.0]
         [Processed Buffers:  0]
      [Scan RS (ms):  0.0]
      [Code Root Scanning (ms):  0.4]
      [Object Copy (ms):  5.8]
      [Termination (ms):  0.0]
         [Termination Attempts:  1]
      [GC Worker Other (ms):  0.0]
      [GC Worker Total (ms):  8.6]
      [GC Worker End (ms):  3125.6]
   [Code Root Fixup: 0.1 ms]
   [Code Root Purge: 0.1 ms]
   [Clear CT: 0.2 ms]
   [Other: 5.5 ms]
      [Choose CSet: 0.0 ms]
      [Ref Proc: 4.9 ms]
      [Ref Enq: 0.0 ms]
      [Redirty Cards: 0.0 ms]
      [Humongous Register: 0.0 ms]
      [Humongous Reclaim: 0.0 ms]
      [Free CSet: 0.1 ms]
   [Eden: 51.0M(51.0M)->0.0B(44.0M) Survivors: 0.0B->7168.0K Heap: 51.0M(1024.0M)->8182.0K(1024.0M)]
 [Times: user=0.01 sys=0.00, real=0.01 secs] 
2016-11-28T12:08:28.528+0000: 4.650: [GC pause (Metadata GC Threshold) (young) (initial-mark), 0.0114967 secs]
   [Parallel Time: 9.8 ms, GC Workers: 1]
      [GC Worker Start (ms):  4650.0]
      [Ext Root Scanning (ms):  2.2]
      [Update RS (ms):  0.0]
         [Processed Buffers:  1]
      [Scan RS (ms):  0.2]
      [Code Root Scanning (ms):  0.3]
      [Object Copy (ms):  6.7]
      [Termination (ms):  0.0]
         [Termination Attempts:  1]
      [GC Worker Other (ms):  0.2]
      [GC Worker Total (ms):  9.7]
      [GC Worker End (ms):  4659.7]
   [Code Root Fixup: 0.2 ms]
   [Code Root Purge: 0.0 ms]
   [Clear CT: 0.0 ms]
   [Other: 1.5 ms]
      [Choose CSet: 0.0 ms]
      [Ref Proc: 1.2 ms]
      [Ref Enq: 0.0 ms]
      [Redirty Cards: 0.0 ms]
      [Humongous Register: 0.0 ms]
      [Humongous Reclaim: 0.0 ms]
      [Free CSet: 0.1 ms]
   [Eden: 38.0M(44.0M)->0.0B(44.0M) Survivors: 7168.0K->7168.0K Heap: 174.0M(1024.0M)->136.8M(1024.0M)]
 [Times: user=0.01 sys=0.00, real=0.01 secs] 
2016-11-28T12:08:28.540+0000: 4.662: [GC concurrent-root-region-scan-start]
2016-11-28T12:08:28.544+0000: 4.666: [GC concurrent-root-region-scan-end, 0.0039115 secs]
2016-11-28T12:08:28.544+0000: 4.666: [GC concurrent-mark-start]
2016-11-28T12:08:28.551+0000: 4.672: [GC concurrent-mark-end, 0.0065261 secs]
2016-11-28T12:08:28.551+0000: 4.672: [GC remark 2016-11-28T12:08:28.551+0000: 4.673: [Finalize Marking, 0.0001328 secs] 2016-11-28T12:08:28.551+0000: 4.673: [GC ref-proc, 0.0001676 secs] 2016-11-28T12:08:28.552+0000: 4.673: [Unloading, 0.0052689 secs], 0.0074394 secs]
 [Times: user=0.00 sys=0.00, real=0.01 secs] 
2016-11-28T12:08:28.564+0000: 4.686: [GC cleanup 137M->136M(1024M), 0.0014526 secs]
 [Times: user=0.00 sys=0.01, real=0.01 secs] 
2016-11-28T12:08:28.566+0000: 4.688: [GC concurrent-cleanup-start]
2016-11-28T12:08:28.566+0000: 4.688: [GC concurrent-cleanup-end, 0.0000135 secs]
2016-11-28T12:12:28.859+0000: 244.981: [GC pause (G1 Evacuation Pause) (young), 0.0141150 secs]
   [Parallel Time: 11.8 ms, GC Workers: 1]
      [GC Worker Start (ms):  244981.0]
      [Ext Root Scanning (ms):  1.8]
      [Update RS (ms):  0.1]
         [Processed Buffers:  1]
      [Scan RS (ms):  0.0]
      [Code Root Scanning (ms):  2.4]
      [Object Copy (ms):  7.5]
      [Termination (ms):  0.0]
         [Termination Attempts:  1]
      [GC Worker Other (ms):  0.0]
      [GC Worker Total (ms):  11.8]
      [GC Worker End (ms):  244992.8]
   [Code Root Fixup: 0.4 ms]
   [Code Root Purge: 0.0 ms]
   [Clear CT: 1.2 ms]
   [Other: 0.7 ms]
      [Choose CSet: 0.0 ms]
      [Ref Proc: 0.5 ms]
      [Ref Enq: 0.0 ms]
      [Redirty Cards: 0.0 ms]
      [Humongous Register: 0.0 ms]
      [Humongous Reclaim: 0.0 ms]
      [Free CSet: 0.0 ms]
   [Eden: 44.0M(44.0M)->0.0B(47.0M) Survivors: 7168.0K->4096.0K Heap: 179.8M(1024.0M)->135.5M(1024.0M)]
 [Times: user=0.01 sys=0.00, real=0.01 secs] 
2016-11-28T12:12:29.497+0000: 245.619: [GC pause (G1 Evacuation Pause) (young), 0.0131697 secs]
   [Parallel Time: 12.8 ms, GC Workers: 1]
      [GC Worker Start (ms):  245618.8]
      [Ext Root Scanning (ms):  1.3]
      [Update RS (ms):  0.1]
         [Processed Buffers:  10]
      [Scan RS (ms):  0.5]
      [Code Root Scanning (ms):  0.4]
      [Object Copy (ms):  8.3]
      [Termination (ms):  0.0]
         [Termination Attempts:  1]
      [GC Worker Other (ms):  0.0]
      [GC Worker Total (ms):  10.6]
      [GC Worker End (ms):  245629.4]
   [Code Root Fixup: 0.0 ms]
   [Code Root Purge: 0.0 ms]
   [Clear CT: 0.0 ms]
   [Other: 0.4 ms]
      [Choose CSet: 0.0 ms]
      [Ref Proc: 0.1 ms]
      [Ref Enq: 0.0 ms]
      [Redirty Cards: 0.0 ms]
      [Humongous Register: 0.0 ms]
      [Humongous Reclaim: 0.0 ms]
      [Free CSet: 0.0 ms]
   [Eden: 47.0M(47.0M)->0.0B(47.0M) Survivors: 4096.0K->4096.0K Heap: 182.5M(1024.0M)->135.0M(1024.0M)]
 [Times: user=0.00 sys=0.01, real=0.02 secs] 
2016-11-28T12:12:29.997+0000: 246.119: [GC pause (G1 Humongous Allocation) (young) (initial-mark), 0.0077136 secs]
   [Parallel Time: 7.0 ms, GC Workers: 1]
      [GC Worker Start (ms):  246118.7]
      [Ext Root Scanning (ms):  1.2]
      [Update RS (ms):  0.5]
         [Processed Buffers:  11]
      [Scan RS (ms):  0.0]
      [Code Root Scanning (ms):  0.5]
      [Object Copy (ms):  4.7]
      [Termination (ms):  0.0]
         [Termination Attempts:  1]
      [GC Worker Other (ms):  0.0]
      [GC Worker Total (ms):  6.9]
      [GC Worker End (ms):  246125.6]
   [Code Root Fixup: 0.2 ms]
   [Code Root Purge: 0.0 ms]
   [Clear CT: 0.0 ms]
   [Other: 0.6 ms]
      [Choose CSet: 0.0 ms]
      [Ref Proc: 0.1 ms]
      [Ref Enq: 0.0 ms]
      [Redirty Cards: 0.0 ms]
      [Humongous Register: 0.0 ms]
      [Humongous Reclaim: 0.2 ms]
      [Free CSet: 0.0 ms]
   [Eden: 17.0M(47.0M)->0.0B(47.0M) Survivors: 4096.0K->4096.0K Heap: 337.0M(1024.0M)->135.0M(1024.0M)]
 [Times: user=0.01 sys=0.00, real=0.01 secs] 
2016-11-28T12:12:30.005+0000: 246.127: [GC concurrent-root-region-scan-start]
2016-11-28T12:12:30.007+0000: 246.129: [GC concurrent-root-region-scan-end, 0.0024522 secs]
2016-11-28T12:12:30.007+0000: 246.129: [GC concurrent-mark-start]
2016-11-28T12:12:30.045+0000: 246.167: [GC concurrent-mark-end, 0.0378973 secs]
2016-11-28T12:12:30.046+0000: 246.167: [GC remark 2016-11-28T12:12:30.046+0000: 246.167: [Finalize Marking, 0.0002722 secs] 2016-11-28T12:12:30.046+0000: 246.168: [GC ref-proc, 0.0002289 secs] 2016-11-28T12:12:30.046+0000: 246.168: [Unloading, 0.0086104 secs], 0.0109038 secs]
 [Times: user=0.00 sys=0.00, real=0.01 secs] 
2016-11-28T12:12:30.060+0000: 246.182: [GC cleanup 175M->174M(1024M), 0.0044002 secs]
 [Times: user=0.00 sys=0.00, real=0.00 secs] 
2016-11-28T12:12:30.065+0000: 246.186: [GC concurrent-cleanup-start]
2016-11-28T12:12:30.065+0000: 246.186: [GC concurrent-cleanup-end, 0.0000141 secs]
2016-11-28T12:32:27.324+0000: 1443.445: [GC pause (G1 Evacuation Pause) (young), 0.0093534 secs]
   [Parallel Time: 8.4 ms, GC Workers: 1]
      [GC Worker Start (ms):  1443445.5]
      [Ext Root Scanning (ms):  1.9]
      [Update RS (ms):  0.7]
         [Processed Buffers:  19]
      [Scan RS (ms):  0.1]
      [Code Root Scanning (ms):  0.6]
      [Object Copy (ms):  5.0]
      [Termination (ms):  0.0]
         [Termination Attempts:  1]
      [GC Worker Other (ms):  0.1]
      [GC Worker Total (ms):  8.4]
      [GC Worker End (ms):  1443453.9]
   [Code Root Fixup: 0.2 ms]
   [Code Root Purge: 0.0 ms]
   [Clear CT: 0.0 ms]
   [Other: 0.7 ms]
      [Choose CSet: 0.0 ms]
      [Ref Proc: 0.4 ms]
      [Ref Enq: 0.0 ms]
      [Redirty Cards: 0.0 ms]
      [Humongous Register: 0.0 ms]
      [Humongous Reclaim: 0.1 ms]
      [Free CSet: 0.0 ms]
   [Eden: 47.0M(47.0M)->0.0B(47.0M) Survivors: 4096.0K->4096.0K Heap: 246.0M(1024.0M)->134.5M(1024.0M)]
 [Times: user=0.01 sys=0.00, real=0.01 secs] 
2016-11-28T13:13:16.012+0000: 2335.781: [GC pause (G1 Evacuation Pause) (young), 0.0116394 secs]
   [Parallel Time: 7.9 ms, GC Workers: 1]
      [GC Worker Start (ms):  2335781.2]
      [Ext Root Scanning (ms):  1.9]
      [Update RS (ms):  0.4]
         [Processed Buffers:  14]
      [Scan RS (ms):  0.0]
      [Code Root Scanning (ms):  0.5]
      [Object Copy (ms):  5.0]
      [Termination (ms):  0.0]
         [Termination Attempts:  1]
      [GC Worker Other (ms):  0.0]
      [GC Worker Total (ms):  7.9]
      [GC Worker End (ms):  2335789.0]
   [Code Root Fixup: 0.2 ms]
   [Code Root Purge: 0.0 ms]
   [Clear CT: 0.0 ms]
   [Other: 3.4 ms]
      [Choose CSet: 0.0 ms]
      [Ref Proc: 0.3 ms]
      [Ref Enq: 0.0 ms]
      [Redirty Cards: 0.0 ms]
      [Humongous Register: 0.0 ms]
      [Humongous Reclaim: 0.0 ms]
      [Free CSet: 2.7 ms]
   [Eden: 47.0M(47.0M)->0.0B(47.0M) Survivors: 4096.0K->4096.0K Heap: 181.5M(1024.0M)->134.0M(1024.0M)]
 [Times: user=0.01 sys=0.00, real=0.01 secs] 
2016-11-28T13:25:53.065+0000: 3092.834: [GC pause (G1 Evacuation Pause) (young), 0.0132522 secs]
   [Parallel Time: 12.8 ms, GC Workers: 1]
      [GC Worker Start (ms):  3092833.8]
      [Ext Root Scanning (ms):  2.0]
      [Update RS (ms):  2.0]
         [Processed Buffers:  8]
      [Scan RS (ms):  0.5]
      [Code Root Scanning (ms):  1.6]
      [Object Copy (ms):  6.5]
      [Termination (ms):  0.0]
         [Termination Attempts:  1]
      [GC Worker Other (ms):  0.2]
      [GC Worker Total (ms):  12.7]
      [GC Worker End (ms):  3092846.5]
   [Code Root Fixup: 0.2 ms]
   [Code Root Purge: 0.0 ms]
   [Clear CT: 0.0 ms]
   [Other: 0.2 ms]
      [Choose CSet: 0.0 ms]
      [Ref Proc: 0.1 ms]
      [Ref Enq: 0.0 ms]
      [Redirty Cards: 0.0 ms]
      [Humongous Register: 0.0 ms]
      [Humongous Reclaim: 0.0 ms]
      [Free CSet: 0.0 ms]
   [Eden: 47.0M(47.0M)->0.0B(47.0M) Survivors: 4096.0K->4096.0K Heap: 181.0M(1024.0M)->134.0M(1024.0M)]
 [Times: user=0.01 sys=0.00, real=0.02 secs] 
2016-11-28T13:38:48.065+0000: 3867.834: [GC pause (G1 Evacuation Pause) (young), 0.0153501 secs]
   [Parallel Time: 14.4 ms, GC Workers: 1]
      [GC Worker Start (ms):  3867834.2]
      [Ext Root Scanning (ms):  3.8]
      [Update RS (ms):  1.7]
         [Processed Buffers:  8]
      [Scan RS (ms):  0.3]
      [Code Root Scanning (ms):  1.8]
      [Object Copy (ms):  6.6]
      [Termination (ms):  0.0]
         [Termination Attempts:  1]
      [GC Worker Other (ms):  0.2]
      [GC Worker Total (ms):  14.3]
      [GC Worker End (ms):  3867848.6]
   [Code Root Fixup: 0.3 ms]
   [Code Root Purge: 0.0 ms]
   [Clear CT: 0.0 ms]
   [Other: 0.6 ms]
      [Choose CSet: 0.0 ms]
      [Ref Proc: 0.1 ms]
      [Ref Enq: 0.0 ms]
      [Redirty Cards: 0.0 ms]
      [Humongous Register: 0.0 ms]
      [Humongous Reclaim: 0.0 ms]
      [Free CSet: 0.0 ms]
   [Eden: 47.0M(47.0M)->0.0B(47.0M) Survivors: 4096.0K->4096.0K Heap: 181.0M(1024.0M)->134.0M(1024.0M)]
 [Times: user=0.01 sys=0.00, real=0.01 secs] 
2016-11-28T13:51:33.064+0000: 4632.833: [GC pause (G1 Evacuation Pause) (young), 0.0110203 secs]
   [Parallel Time: 9.1 ms, GC Workers: 1]
      [GC Worker Start (ms):  4632832.7]
      [Ext Root Scanning (ms):  1.7]
      [Update RS (ms):  0.8]
         [Processed Buffers:  8]
      [Scan RS (ms):  0.0]
      [Code Root Scanning (ms):  1.0]
      [Object Copy (ms):  5.5]
      [Termination (ms):  0.0]
         [Termination Attempts:  1]
      [GC Worker Other (ms):  0.0]
      [GC Worker Total (ms):  9.1]
      [GC Worker End (ms):  4632841.8]
   [Code Root Fixup: 0.4 ms]
   [Code Root Purge: 0.0 ms]
   [Clear CT: 0.2 ms]
   [Other: 1.3 ms]
      [Choose CSet: 0.0 ms]
      [Ref Proc: 0.9 ms]
      [Ref Enq: 0.0 ms]
      [Redirty Cards: 0.0 ms]
      [Humongous Register: 0.1 ms]
      [Humongous Reclaim: 0.0 ms]
      [Free CSet: 0.1 ms]
   [Eden: 47.0M(47.0M)->0.0B(47.0M) Survivors: 4096.0K->4096.0K Heap: 181.0M(1024.0M)->134.0M(1024.0M)]
 [Times: user=0.02 sys=0.00, real=0.01 secs] 
2016-11-28T22:03:26.455+0000: 5408.733: [GC pause (G1 Evacuation Pause) (young), 0.0083837 secs]
   [Parallel Time: 7.6 ms, GC Workers: 1]
      [GC Worker Start (ms):  5408732.8]
      [Ext Root Scanning (ms):  1.4]
      [Update RS (ms):  0.4]
         [Processed Buffers:  8]
      [Scan RS (ms):  0.0]
      [Code Root Scanning (ms):  0.6]
      [Object Copy (ms):  4.9]
      [Termination (ms):  0.1]
         [Termination Attempts:  1]
      [GC Worker Other (ms):  0.1]
      [GC Worker Total (ms):  7.5]
      [GC Worker End (ms):  5408740.3]
   [Code Root Fixup: 0.3 ms]
   [Code Root Purge: 0.0 ms]
   [Clear CT: 0.0 ms]
   [Other: 0.5 ms]
      [Choose CSet: 0.0 ms]
      [Ref Proc: 0.2 ms]
      [Ref Enq: 0.0 ms]
      [Redirty Cards: 0.0 ms]
      [Humongous Register: 0.0 ms]
      [Humongous Reclaim: 0.0 ms]
      [Free CSet: 0.0 ms]
   [Eden: 47.0M(47.0M)->0.0B(47.0M) Survivors: 4096.0K->4096.0K Heap: 181.0M(1024.0M)->134.0M(1024.0M)]
 [Times: user=0.01 sys=0.00, real=0.01 secs] 
